<html>
<body>
<pre>
<h1>µVision Build Log</h1>
<h2>Tool Versions:</h2>
IDE-Version: µVision V5.21.1.0
Copyright (C) 2016 ARM Ltd and ARM Germany GmbH. All rights reserved.
License Information: dsfgchv Sandip, wsertfyguhijk, LIC=Z3CY8-3G8ZS-ZDKK6-DLQ1Q-LR271-5ZXP4
 
Tool Versions:
Toolchain:       MDK-ARM Professional  Version: 5.21a
Toolchain Path:  C:\Keil_v5\ARM\ARMCC\Bin
C Compiler:      Armcc.exe V5.06 update 3 (build 300)
Assembler:       Armasm.exe V5.06 update 3 (build 300)
Linker/Locator:  ArmLink.exe V5.06 update 3 (build 300)
Library Manager: ArmAr.exe V5.06 update 3 (build 300)
Hex Converter:   FromElf.exe V5.06 update 3 (build 300)
CPU DLL:         SARMCM3.DLL V5.21a
Dialog DLL:      DCM.DLL V1.13.8.0
Target DLL:      STLink\ST-LINKIII-KEIL_SWO.dll V2.0.18.0
Dialog DLL:      TCM.DLL V1.14.14.0
 
<h2>Project:</h2>
F:\Info_Innotronics_pvt_ltd\Weighing Scale\adc_lcd_W\adc_lcd.uvprojx
Project File Date:  07/27/2017

<h2>Output:</h2>
*** Using Compiler 'V5.06 update 3 (build 300)', folder: 'C:\Keil_v5\ARM\ARMCC\Bin'
Rebuild target 'Target 1'
compiling main.c...
main.c(9): warning:  #177-D: variable "adc" was declared but never referenced
  	uint16_t adc;
main.c: 1 warning, 0 errors
compiling stm32l1xx_gpio.c...
compiling stm32l1xx_adc.c...
compiling adc_lcd.c...
compiling stm32l1xx_rcc.c...
compiling lcd.c...
assembling startup_stm32l100xc.s...
compiling button.c...
compiling led.c...
compiling system_stm32l1xx.c...
linking...
Program Size: Code=2312 RO-data=308 RW-data=0 ZI-data=1632  
".\adc_lcd.axf" - 0 Error(s), 1 Warning(s).

<h2>Software Packages used:</h2>

Package Vendor: ARM
                http://www.keil.com/pack/ARM.CMSIS.5.0.1.pack
                ARM::CMSIS:CORE:5.0.1
                CMSIS (Cortex Microcontroller Software Interface Standard)
   * Component: CORE Version: 5.0.1

Package Vendor: Keil
                http://www.keil.com/pack/Keil.STM32L1xx_DFP.1.2.0.pack
                Keil::Device:Startup:2.0.0
                STMicroelectronics STM32L1 Series Device Support and Examples
   * Component: Startup Version: 2.0.0

<h2>Collection of Component include folders:</h2>
  F:\Info_Innotronics_pvt_ltd\Weighing Scale\adc_lcd_W\RTE
  C:\Keil_v5\ARM\PACK\ARM\CMSIS\5.0.1\CMSIS\Include
  C:\Keil_v5\ARM\PACK\Keil\STM32L1xx_DFP\1.2.0\Device\Include

<h2>Collection of Component Files used:</h2>

   * Component: ARM::CMSIS:CORE:5.0.1

   * Component: Keil::Device:Startup:2.0.0
      Source file:   Device\Source\system_stm32l1xx.c
      Source file:   Device\Source\ARM\startup_stm32l100xc.s
      Source file:   Device\Source\ARM\STM32L1xx_MD+_OPT.s
Build Time Elapsed:  00:00:06
</pre>
</body>
</html>
